../Core/Src/main.c:81:20:apply_leds	8	static
../Core/Src/main.c:87:20:set_from_bits	24	static
../Core/Src/main.c:108:13:send_emergency_on	16	static
../Core/Src/main.c:113:13:send_emergency_off	16	static
../Core/Src/main.c:119:13:send_process_st	16	static
../Core/Src/main.c:124:13:send_process_en	16	static
../Core/Src/main.c:129:6:HAL_GPIO_EXTI_Callback	32	static
../Core/Src/main.c:207:5:main	16	static
../Core/Src/main.c:266:6:SystemClock_Config	72	static
../Core/Src/main.c:300:6:HAL_UART_RxCpltCallback	16	static
../Core/Src/main.c:333:6:Error_Handler	4	static,ignoring_inline_asm
